#-----------------------------------------------------------
# Vivado v2024.2 (64-bit)
# SW Build 5239630 on Fri Nov 08 22:34:34 MST 2024
# IP Build 5239520 on Sun Nov 10 16:12:51 MST 2024
# SharedData Build 5239561 on Fri Nov 08 14:39:27 MST 2024
# Start of session at: Thu Feb 20 08:34:30 2025
# Process ID         : 109618
# Current directory  : /home/dtorres/Documents/work/PID_maze_navigator/vivado
# Command line       : vivado
# Log file           : /home/dtorres/Documents/work/PID_maze_navigator/vivado/vivado.log
# Journal file       : /home/dtorres/Documents/work/PID_maze_navigator/vivado/vivado.jou
# Running On         : dtorres-MS-7D46
# Platform           : Ubuntu
# Operating System   : Ubuntu 24.04.2 LTS
# Processor Detail   : 12th Gen Intel(R) Core(TM) i5-12400F
# CPU Frequency      : 4091.222 MHz
# CPU Physical cores : 6
# CPU Logical cores  : 12
# Host memory        : 16619 MB
# Swap memory        : 4294 MB
# Total Virtual      : 20914 MB
# Available Virtual  : 15805 MB
#-----------------------------------------------------------
start_gui
open_project /home/dtorres/Documents/work/PID_maze_navigator/vivado/pwm/pwm.xpr
launch_simulation
open_wave_config /home/dtorres/Documents/work/PID_maze_navigator/vivado/pwm/i2c_master_tb_behav.wcfg
source i2c_master_tb.tcl
update_compile_order -fileset sources_1
current_wave_config {}
add_wave {{/i2c_master_tb/i_i2c_master/bit_count}} 
relaunch_sim
save_wave_config {/home/dtorres/Documents/work/PID_maze_navigator/vivado/pwm/i2c_master_tb_behav.wcfg}
close_sim
launch_simulation
open_wave_config /home/dtorres/Documents/work/PID_maze_navigator/vivado/pwm/i2c_master_tb_behav.wcfg
source i2c_master_tb.tcl
close_sim
launch_simulation
open_wave_config /home/dtorres/Documents/work/PID_maze_navigator/vivado/pwm/i2c_master_tb_behav.wcfg
source i2c_master_tb.tcl
close_sim
launch_simulation
open_wave_config /home/dtorres/Documents/work/PID_maze_navigator/vivado/pwm/i2c_master_tb_behav.wcfg
source i2c_master_tb.tcl
close_sim
launch_simulation
open_wave_config /home/dtorres/Documents/work/PID_maze_navigator/vivado/pwm/i2c_master_tb_behav.wcfg
source i2c_master_tb.tcl
current_wave_config {i2c_master_tb_behav.wcfg}
add_wave {{/i2c_master_tb/i_i2c_master/sda_pin}} 
save_wave_config {/home/dtorres/Documents/work/PID_maze_navigator/vivado/pwm/i2c_master_tb_behav.wcfg}
close_sim
launch_simulation
open_wave_config /home/dtorres/Documents/work/PID_maze_navigator/vivado/pwm/i2c_master_tb_behav.wcfg
source i2c_master_tb.tcl
close_sim
launch_simulation
open_wave_config /home/dtorres/Documents/work/PID_maze_navigator/vivado/pwm/i2c_master_tb_behav.wcfg
source i2c_master_tb.tcl
close_sim
launch_simulation
open_wave_config /home/dtorres/Documents/work/PID_maze_navigator/vivado/pwm/i2c_master_tb_behav.wcfg
source i2c_master_tb.tcl
close_sim
launch_simulation
open_wave_config /home/dtorres/Documents/work/PID_maze_navigator/vivado/pwm/i2c_master_tb_behav.wcfg
source i2c_master_tb.tcl
close_sim
launch_simulation
open_wave_config /home/dtorres/Documents/work/PID_maze_navigator/vivado/pwm/i2c_master_tb_behav.wcfg
source i2c_master_tb.tcl
close_sim
launch_simulation
open_wave_config /home/dtorres/Documents/work/PID_maze_navigator/vivado/pwm/i2c_master_tb_behav.wcfg
source i2c_master_tb.tcl
current_wave_config {i2c_master_tb_behav.wcfg}
add_wave {{/i2c_master_tb/i_i2c_master/next_state}} 
relaunch_sim
save_wave_config {/home/dtorres/Documents/work/PID_maze_navigator/vivado/pwm/i2c_master_tb_behav.wcfg}
close_sim
launch_simulation
open_wave_config /home/dtorres/Documents/work/PID_maze_navigator/vivado/pwm/i2c_master_tb_behav.wcfg
source i2c_master_tb.tcl
current_wave_config {i2c_master_tb_behav.wcfg}
add_wave {{/i2c_master_tb/i_i2c_master/sda_in}} 
relaunch_sim
save_wave_config {/home/dtorres/Documents/work/PID_maze_navigator/vivado/pwm/i2c_master_tb_behav.wcfg}
close_sim
launch_simulation
open_wave_config /home/dtorres/Documents/work/PID_maze_navigator/vivado/pwm/i2c_master_tb_behav.wcfg
source i2c_master_tb.tcl
close_sim
launch_simulation
open_wave_config /home/dtorres/Documents/work/PID_maze_navigator/vivado/pwm/i2c_master_tb_behav.wcfg
source i2c_master_tb.tcl
close_sim
launch_simulation
open_wave_config /home/dtorres/Documents/work/PID_maze_navigator/vivado/pwm/i2c_master_tb_behav.wcfg
source i2c_master_tb.tcl
close_sim
launch_simulation
open_wave_config /home/dtorres/Documents/work/PID_maze_navigator/vivado/pwm/i2c_master_tb_behav.wcfg
source i2c_master_tb.tcl
close_sim
launch_simulation
open_wave_config /home/dtorres/Documents/work/PID_maze_navigator/vivado/pwm/i2c_master_tb_behav.wcfg
source i2c_master_tb.tcl
close_sim
launch_simulation
open_wave_config /home/dtorres/Documents/work/PID_maze_navigator/vivado/pwm/i2c_master_tb_behav.wcfg
source i2c_master_tb.tcl
close_sim
launch_simulation
open_wave_config /home/dtorres/Documents/work/PID_maze_navigator/vivado/pwm/i2c_master_tb_behav.wcfg
source i2c_master_tb.tcl
current_wave_config {i2c_master_tb_behav.wcfg}
add_wave {{/i2c_master_tb/i_i2c_master/scl_out}} 
relaunch_sim
save_wave_config {/home/dtorres/Documents/work/PID_maze_navigator/vivado/pwm/i2c_master_tb_behav.wcfg}
close_sim
launch_simulation
open_wave_config /home/dtorres/Documents/work/PID_maze_navigator/vivado/pwm/i2c_master_tb_behav.wcfg
source i2c_master_tb.tcl
close_sim
launch_simulation
open_wave_config /home/dtorres/Documents/work/PID_maze_navigator/vivado/pwm/i2c_master_tb_behav.wcfg
source i2c_master_tb.tcl
close_sim
launch_simulation
open_wave_config /home/dtorres/Documents/work/PID_maze_navigator/vivado/pwm/i2c_master_tb_behav.wcfg
source i2c_master_tb.tcl
close_sim
launch_simulation
open_wave_config /home/dtorres/Documents/work/PID_maze_navigator/vivado/pwm/i2c_master_tb_behav.wcfg
source i2c_master_tb.tcl
close_sim
launch_simulation
open_wave_config /home/dtorres/Documents/work/PID_maze_navigator/vivado/pwm/i2c_master_tb_behav.wcfg
source i2c_master_tb.tcl
close_sim
launch_simulation
open_wave_config /home/dtorres/Documents/work/PID_maze_navigator/vivado/pwm/i2c_master_tb_behav.wcfg
source i2c_master_tb.tcl
close_sim
launch_simulation
open_wave_config /home/dtorres/Documents/work/PID_maze_navigator/vivado/pwm/i2c_master_tb_behav.wcfg
source i2c_master_tb.tcl
close_sim
